// Jest Snapshot v1, https://goo.gl/fbAQLP

exports[`App renders according to the snapshot 1`] = `
<div
  className="well"
>
  <div>
    <div
      className="row"
    >
      <div
        className="col-xs-3"
      />
      <div
        className="col-xs-6"
      >
        <div
          className="row"
        >
          <div
            className="col-xs-1"
          />
          <div
            className="col-xs-10"
          >
            <h1>
              Create a ScoreBoard!
            </h1>
          </div>
          <div
            className="col-xs-1"
          />
        </div>
        <div
          className="row"
        >
          <div
            className="col-xs-12"
          >
            <div
              className="form-group"
            >
              <label
                className="control-label"
                htmlFor="titleInput"
                id="titleLabel"
              >
                Scoreboard Title:
              </label>
              <input
                className="form-control"
                id="titleInput"
                onChange={[Function]}
                type="text"
                value=""
              />
            </div>
          </div>
        </div>
        <div
          className="row"
        >
          <div
            className="col-xs-12"
          >
            <div
              className="form-group"
            >
              <label
                className="control-label"
                htmlFor="contestantInput"
                id="contestantLabel"
              >
                Contestants:
              </label>
              <input
                className="form-control"
                id="contestantInput"
                onChange={[Function]}
                type="text"
                value=""
              />
              <span
                className="help-block"
              >
                Please enter a comma seperated list.
              </span>
            </div>
          </div>
        </div>
        <div
          className="row"
        >
          <div
            className="col-xs-4"
          />
          <div
            className="col-xs-4"
          >
            <button
              className="btn btn-default"
              disabled={false}
              type="button"
            >
              <a
                href="/board"
                onClick={[Function]}
              >
                Create Board
              </a>
            </button>
          </div>
          <div
            className="col-xs-4"
          />
        </div>
      </div>
      <div
        className="col-xs-3"
      />
    </div>
  </div>
</div>
`;
